<testsuites name="jest tests" tests="5" failures="1" time="2.987">
  <testsuite name="undefined" errors="0" failures="1" skipped="0" timestamp="2020-08-07T15:06:22" time="2.987" tests="5">
    <testcase classname=" initial UI is rendered as expected and button works" name=" initial UI is rendered as expected and button works" time="0.049">
    </testcase>
    <testcase classname=" button adds notes" name=" button adds notes" time="0.011">
    </testcase>
    <testcase classname=" Multiple notes can be added" name=" Multiple notes can be added" time="0.014">
    </testcase>
    <testcase classname=" Switching between buttons work" name=" Switching between buttons work" time="0.008">
      <failure>Error: expect(element).toHaveTextContent()

Expected element to have text content:
  Movie
Received:

    at Object.&lt;anonymous&gt; (C:\Users\Administrator\Documents\GitHub\hack\src\App.test.js:150:44)
    at Object.asyncFn (C:\Users\Administrator\Documents\GitHub\hack\node_modules\jest-jasmine2\build\jasmine-async.js:68:30)
    at C:\Users\Administrator\Documents\GitHub\hack\node_modules\jest-jasmine2\build\queueRunner.js:38:12
    at new Promise (&lt;anonymous&gt;)
    at mapper (C:\Users\Administrator\Documents\GitHub\hack\node_modules\jest-jasmine2\build\queueRunner.js:31:21)
    at C:\Users\Administrator\Documents\GitHub\hack\node_modules\p-map\index.js:46:16
    at processTicksAndRejections (internal/process/task_queues.js:97:5)</failure>
    </testcase>
    <testcase classname=" In active tab, dont show completed notes" name=" In active tab, dont show completed notes" time="0.01">
    </testcase>
  </testsuite>
</testsuites>